LIBOPENDSSC_10.1 {
global:
    ActiveClassI;
    ActiveClassS;
    ActiveClassV;
    AddInAuxCurrents;
    BuildYMatrixD;
    BUSF;
    BUSI;
    BUSS;
    BUSV;
    CapacitorsF;
    CapacitorsI;
    CapacitorsS;
    CapacitorsV;
    CapControlsF;
    CapControlsI;
    CapControlsS;
    CapControlsV;
    CircuitF;
    CircuitI;
    CircuitS;
    CircuitV;
    CktElementF;
    CktElementI;
    CktElementS;
    CktElementV;
    CmathLibF;
    CmathLibV;
    CtrlQueueI;
    CtrlQueueV;
    DSSDisposeString;
    DSSElementI;
    DSSElementS;
    DSSElementV;
    DSSExecutiveI;
    DSSExecutiveS;
    DSSI;
    DSSLoads;
    DSSLoadsF;
    DSSLoadsS;
    DSSLoadsV;
    DSSProgressI;
    DSSProgressS;
    DSSProperties;
    DSSPut_Command;
    DSSS;
    DSSV;
    free_memory_char_p;
    ErrorCode;
    ErrorDesc;
    FusesF;
    FusesI;
    FusesS;
    FusesV;
    GeneratorsF;
    GeneratorsI;
    GeneratorsS;
    GeneratorsV;
    GetCompressedYMatrix;
    getIpointer;
    GetPCInjCurr;
    GetSourceInjCurrents;
    getVpointer;
    GICSourcesF;
    GICSourcesI;
    GICSourcesS;
    GICSourcesV;
    InitAndGetYparams;
    IsourceF;
    IsourceI;
    IsourceS;
    IsourceV;
    LineCodesF;
    LineCodesI;
    LineCodesS;
    LineCodesV;
    LinesF;
    LinesI;
    LinesS;
    LinesV;
    LoadShapeF;
    LoadShapeI;
    LoadShapeS;
    LoadShapeV;
    MetersF;
    MetersI;
    MetersS;
    MetersV;
    MonitorsI;
    MonitorsS;
    MonitorsV;
    ParallelI;
    ParallelV;
    ParserF;
    ParserI;
    ParserS;
    ParserV;
    PDElementsF;
    PDElementsI;
    PDElementsS;
    PVsystemsF;
    PVsystemsI;
    PVsystemsS;
    PVsystemsV;
    ReactorsF;
    ReactorsI;
    ReactorsS;
    ReactorsV;
    ReclosersF;
    ReclosersI;
    ReclosersS;
    ReclosersV;
    ReduceCktF;
    ReduceCktI;
    ReduceCktS;
    RegControlsF;
    RegControlsI;
    RegControlsS;
    RegControlsV;
    RelaysI;
    RelaysS;
    RelaysV;
    SensorsF;
    SensorsI;
    SensorsS;
    SensorsV;
    SettingsF;
    SettingsI;
    SettingsS;
    SettingsV;
    SolutionF;
    SolutionI;
    SolutionS;
    SolutionV;
    SolveSystem;
    StoragesF;
    StoragesI;
    StoragesS;
    StoragesV;
    SwtControlsF;
    SwtControlsI;
    SwtControlsS;
    SwtControlsV;
    SystemYChanged;
    TopologyI;
    TopologyS;
    TopologyV;
    TransformersF;
    TransformersI;
    TransformersS;
    TransformersV;
    UseAuxCurrents;
    VsourcesF;
    VsourcesI;
    VsourcesS;
    VsourcesV;
    WindGensF;
    WindGensI;
    WindGensS;
    WindGensV;
    XYCurvesF;
    XYCurvesI;
    XYCurvesS;
    XYCurvesV;
    ZeroInjCurr;
local:
    *;
};
